   Compiling loyal-yield-store v0.1.0 (/private/tmp/loyal-yield-routing-ASK-1973-rust-crate-build-time-refactor/crates/loyal-yield-store)
   Compiling loyal-route-lookup-tables v0.1.0 (/private/tmp/loyal-yield-routing-ASK-1973-rust-crate-build-time-refactor/crates/loyal-route-lookup-tables)
   Compiling loyal-yield-orchestrator v0.1.0 (/private/tmp/loyal-yield-routing-ASK-1973-rust-crate-build-time-refactor/crates/loyal-yield-orchestrator)
   Compiling loyal-fleet-worker v0.1.0 (/private/tmp/loyal-yield-routing-ASK-1973-rust-crate-build-time-refactor/crates/loyal-fleet-worker)
warning: field `swap_lanes` is never read
    --> crates/loyal-fleet-worker/src/lib.rs:1552:5
     |
1536 | struct SelectedVault {
     |        ------------- field in this struct
...
1552 |     swap_lanes: Value,
     |     ^^^^^^^^^^
     |
     = note: `SelectedVault` has derived impls for the traits `Debug` and `Clone`, but these are intentionally ignored during dead code analysis
     = note: `#[warn(dead_code)]` on by default

warning: function `load_kamino_reserve_summary` is never used
     --> crates/loyal-fleet-worker/src/lib.rs:18918:4
      |
18918 | fn load_kamino_reserve_summary(
      |    ^^^^^^^^^^^^^^^^^^^^^^^^^^^

warning: function `load_kamino_obligation_summary` is never used
     --> crates/loyal-fleet-worker/src/lib.rs:19066:4
      |
19066 | fn load_kamino_obligation_summary(
      |    ^^^^^^^^^^^^^^^^^^^^^^^^^^^^^^

warning: function `account_exists_with_owner` is never used
     --> crates/loyal-fleet-worker/src/lib.rs:19367:4
      |
19367 | fn account_exists_with_owner(
      |    ^^^^^^^^^^^^^^^^^^^^^^^^^

warning: `loyal-fleet-worker` (lib) generated 4 warnings
    Finished `release` profile [optimized] target(s) in 22.53s
