   Compiling proc-macro2 v1.0.106
   Compiling unicode-ident v1.0.24
   Compiling quote v1.0.45
   Compiling serde_core v1.0.228
   Compiling libc v0.2.186
   Compiling serde v1.0.228
   Compiling cfg-if v1.0.4
   Compiling version_check v0.9.5
   Compiling autocfg v1.5.0
   Compiling typenum v1.20.0
   Compiling subtle v2.6.1
   Compiling zerocopy v0.8.48
   Compiling once_cell v1.21.4
   Compiling generic-array v0.14.7
   Compiling num-traits v0.2.19
   Compiling getrandom v0.2.17
   Compiling block-buffer v0.10.4
   Compiling crypto-common v0.1.7
   Compiling digest v0.10.7
   Compiling equivalent v1.0.2
   Compiling syn v1.0.109
   Compiling cpufeatures v0.2.17
   Compiling memchr v2.8.0
   Compiling cfg_aliases v0.2.1
   Compiling hashbrown v0.17.1
   Compiling indexmap v2.14.0
   Compiling getrandom v0.3.4
   Compiling rand_core v0.6.4
   Compiling winnow v1.0.3
   Compiling toml_datetime v1.1.1+spec-1.1.0
   Compiling borsh v1.6.1
   Compiling sha2 v0.10.9
   Compiling toml_parser v1.1.2+spec-1.1.0
   Compiling toml_edit v0.25.11+spec-1.1.0
   Compiling itoa v1.0.18
   Compiling five8_core v0.1.2
   Compiling ahash v0.8.12
   Compiling five8 v0.2.1
   Compiling shlex v1.3.0
   Compiling find-msvc-tools v0.1.9
   Compiling proc-macro-crate v3.5.0
   Compiling solana-sanitize v2.2.1
   Compiling solana-atomic-u64 v2.2.1
   Compiling semver v1.0.28
   Compiling solana-decode-error v2.3.0
   Compiling five8_const v0.1.4
   Compiling zmij v1.0.21
   Compiling serde_json v1.0.149
   Compiling rustc_version v0.4.1
   Compiling log v0.4.29
   Compiling syn v2.0.117
   Compiling curve25519-dalek v4.1.3
   Compiling pkg-config v0.3.33
   Compiling jobserver v0.1.34
   Compiling pin-project-lite v0.2.17
   Compiling bitflags v2.11.1
   Compiling cc v1.2.62
   Compiling lazy_static v1.5.0
   Compiling parking_lot_core v0.9.12
   Compiling percent-encoding v2.3.2
   Compiling futures-core v0.3.32
   Compiling errno v0.3.14
   Compiling thiserror v2.0.18
   Compiling signal-hook-registry v1.4.8
   Compiling ring v0.17.14
   Compiling icu_properties_data v2.2.0
   Compiling scopeguard v1.2.0
   Compiling icu_normalizer_data v2.2.0
   Compiling lock_api v0.4.14
   Compiling getrandom v0.1.16
   Compiling bs58 v0.5.1
   Compiling digest v0.9.0
   Compiling synstructure v0.13.2
   Compiling futures-sink v0.3.32
   Compiling stable_deref_trait v1.2.1
   Compiling base64 v0.22.1
   Compiling borsh-schema-derive-internal v0.10.4
   Compiling borsh-derive-internal v0.10.4
   Compiling byteorder v1.5.0
   Compiling untrusted v0.9.0
   Compiling socket2 v0.6.3
   Compiling block-buffer v0.9.0
   Compiling mio v1.2.0
   Compiling serde_derive v1.0.228
   Compiling zerocopy-derive v0.8.48
   Compiling zeroize_derive v1.4.3
   Compiling bytemuck_derive v1.10.2
   Compiling borsh-derive v1.6.1
   Compiling zeroize v1.8.2
   Compiling zerofrom-derive v0.1.7
   Compiling bytemuck v1.25.0
   Compiling yoke-derive v0.8.2
   Compiling displaydoc v0.2.5
   Compiling zerovec-derive v0.11.3
   Compiling thiserror-impl v2.0.18
   Compiling solana-sdk-macro v2.2.1
   Compiling zerofrom v0.1.8
   Compiling rand_core v0.5.1
   Compiling tokio-macros v2.7.0
   Compiling opaque-debug v0.3.1
   Compiling slab v0.4.12
   Compiling sha2 v0.9.9
   Compiling tracing-attributes v0.1.31
   Compiling futures-channel v0.3.32
   Compiling cmake v0.1.58
   Compiling fs_extra v1.3.0
   Compiling dunce v1.0.5
   Compiling aws-lc-sys v0.42.0
   Compiling futures-macro v0.3.32
   Compiling futures-io v0.3.32
   Compiling futures-task v0.3.32
   Compiling toml v0.5.11
   Compiling signature v1.6.4
   Compiling solana-hash v2.3.0
   Compiling bincode v1.3.3
   Compiling smallvec v1.15.1
   Compiling solana-sha256-hasher v2.3.0
   Compiling bytes v1.11.1
   Compiling yoke v0.8.2
   Compiling parking_lot v0.12.5
   Compiling futures-util v0.3.32
   Compiling litemap v0.8.2
   Compiling proc-macro-crate v0.1.5
   Compiling tokio v1.52.3
   Compiling writeable v0.6.3
   Compiling borsh-derive v0.10.4
   Compiling ppv-lite86 v0.2.21
   Compiling zerovec v0.11.6
   Compiling zerotrie v0.2.4
   Compiling rand_chacha v0.3.1
   Compiling hashbrown v0.13.2
   Compiling rand_chacha v0.2.2
   Compiling rand v0.8.6
   Compiling rand v0.7.3
   Compiling borsh v0.10.4
   Compiling ed25519 v1.5.3
   Compiling curve25519-dalek v3.2.0
   Compiling utf8_iter v1.0.4
   Compiling aws-lc-rs v1.17.1
   Compiling rustls-pki-types v1.14.1
   Compiling tinystr v0.8.3
   Compiling icu_locale_core v2.2.0
   Compiling potential_utf v0.1.5
   Compiling icu_collections v2.2.0
   Compiling ed25519-dalek v1.0.1
   Compiling tracing-core v0.1.36
   Compiling solana-pubkey v2.4.0
   Compiling icu_provider v2.2.0
   Compiling solana-instruction v2.3.3
   Compiling solana-sdk-ids v2.2.1
   Compiling solana-system-interface v1.0.0
   Compiling solana-sysvar-id v2.2.1
   Compiling solana-transaction-error v2.2.1
   Compiling solana-epoch-schedule v2.2.1
   Compiling icu_normalizer v2.2.0
   Compiling icu_properties v2.2.0
   Compiling tracing v0.1.44
   Compiling serde-big-array v0.5.1
   Compiling rustls v0.23.40
   Compiling feature-probe v0.1.1
   Compiling solana-signature v2.3.0
   Compiling bv v0.11.1
   Compiling form_urlencoded v1.2.2
   Compiling crossbeam-utils v0.8.21
   Compiling arrayref v0.3.9
   Compiling solana-msg v2.2.1
   Compiling crunchy v0.2.4
   Compiling idna_adapter v1.2.2
   Compiling idna v1.1.0
   Compiling solana-program-error v2.2.2
   Compiling hybrid-array v0.4.12
   Compiling solana-program-memory v2.3.1
   Compiling url v2.5.8
   Compiling cmov v0.5.3
   Compiling ctutils v0.4.2
   Compiling solana-account-info v2.3.0
   Compiling solana-clock v2.2.3
   Compiling blake3 v1.8.5
   Compiling crypto-common v0.2.1
   Compiling block-buffer v0.12.0
   Compiling httparse v1.10.1
   Compiling digest v0.11.3
   Compiling thiserror v1.0.69
   Compiling constant_time_eq v0.4.2
   Compiling arrayvec v0.7.6
   Compiling solana-signer v2.2.1
   Compiling solana-slot-hashes v2.2.1
   Compiling solana-serialize-utils v2.2.1
   Compiling webpki-roots v1.0.7
   Compiling http v1.4.0
   Compiling solana-fee-calculator v2.2.1
   Compiling solana-short-vec v2.2.1
   Compiling crc32fast v1.5.0
   Compiling fnv v1.0.7
   Compiling alloc-no-stdlib v2.0.4
   Compiling libsecp256k1-core v0.2.2
   Compiling alloc-stdlib v0.2.2
   Compiling solana-cpi v2.2.1
   Compiling solana-rent v2.2.1
   Compiling solana-bincode v2.2.1
   Compiling either v1.15.0
   Compiling thiserror-impl v1.0.69
   Compiling serde_bytes v0.11.19
   Compiling adler2 v2.0.1
   Compiling simd-adler32 v0.3.9
   Compiling core-foundation-sys v0.8.7
   Compiling solana-message v2.4.0
   Compiling http-body v1.0.1
   Compiling miniz_oxide v0.8.9
   Compiling solana-stake-interface v1.2.1
   Compiling brotli-decompressor v5.0.0
   Compiling solana-instructions-sysvar v2.2.2
   Compiling solana-slot-history v2.2.1
   Compiling solana-program-entrypoint v2.3.0
   Compiling solana-last-restart-slot v2.2.1
   Compiling solana-epoch-rewards v2.2.1
   Compiling num-integer v0.1.46
   Compiling try-lock v0.2.5
   Compiling tower-service v0.3.3
   Compiling want v0.3.1
   Compiling solana-sysvar v2.3.0
   Compiling brotli v8.0.2
   Compiling flate2 v1.1.9
   Compiling libsecp256k1-gen-ecmult v0.2.1
   Compiling libsecp256k1-gen-genmult v0.2.1
   Compiling hmac v0.12.1
   Compiling crypto-mac v0.8.0
   Compiling compression-core v0.4.32
   Compiling atomic-waker v1.1.2
   Compiling vcpkg v0.2.15
   Compiling hyper v1.9.0
   Compiling hmac v0.8.1
   Compiling libsecp256k1 v0.6.0
   Compiling sync_wrapper v1.0.2
   Compiling keccak v0.1.6
   Compiling tower-layer v0.3.3
   Compiling ipnet v2.12.0
   Compiling openssl-sys v0.9.116
   Compiling tower v0.5.3
   Compiling hyper-util v0.1.20
   Compiling sha3 v0.10.9
   Compiling hmac-drbg v0.3.0
   Compiling solana-account v2.2.1
   Compiling compression-codecs v0.4.38
   Compiling async-compression v0.4.42
   Compiling http-body-util v0.1.3
   Compiling tokio-util v0.7.18
   Compiling solana-feature-set v2.2.5
   Compiling anyhow v1.0.102
   Compiling base64 v0.12.3
   Compiling tower-http v0.6.11
   Compiling solana-precompile-error v2.2.2
   Compiling openssl v0.10.80
   Compiling foreign-types-shared v0.1.1
   Compiling derivation-path v0.2.0
   Compiling foreign-types v0.3.2
   Compiling uriparse v0.6.4
   Compiling openssl-macros v0.1.1
   Compiling qstring v0.7.2
   Compiling num-bigint v0.4.6
   Compiling pbkdf2 v0.11.0
   Compiling solana-seed-phrase v2.2.1
   Compiling solana-derivation-path v2.2.1
   Compiling solana-seed-derivable v2.2.1
   Compiling ed25519-dalek-bip32 v0.2.0
   Compiling solana-ed25519-program v2.2.3
   Compiling futures-executor v0.3.32
   Compiling zstd-sys v2.0.16+zstd.1.5.7
   Compiling ryu v1.0.23
   Compiling solana-keypair v2.2.3
   Compiling serde_urlencoded v0.7.1
   Compiling solana-secp256k1-program v2.2.3
   Compiling ident_case v1.0.1
   Compiling strsim v0.11.1
   Compiling solana-cluster-type v2.2.1
   Compiling solana-serde-varint v2.2.2
   Compiling darling_core v0.23.0
   Compiling solana-time-utils v2.2.1
   Compiling zstd-safe v7.2.4
   Compiling solana-commitment-config v2.2.1
   Compiling solana-reward-info v2.2.1
   Compiling solana-inflation v2.2.1
   Compiling async-trait v0.1.89
   Compiling rand_core v0.9.5
   Compiling aho-corasick v1.1.4
   Compiling regex-syntax v0.8.10
   Compiling rand_chacha v0.9.0
   Compiling regex-automata v0.4.14
   Compiling solana-secp256r1-program v2.2.4
   Compiling darling_macro v0.23.0
   Compiling solana-precompiles v2.2.2
   Compiling darling v0.23.0
   Compiling solana-transaction v2.2.3
   Compiling solana-transaction-context v2.3.13
   Compiling core-foundation v0.10.1
   Compiling security-framework-sys v2.17.0
   Compiling crossbeam-epoch v0.9.18
   Compiling concurrent-queue v2.5.0
   Compiling memoffset v0.9.1
   Compiling portable-atomic v1.13.1
   Compiling tinyvec_macros v0.1.1
   Compiling rayon-core v1.13.0
   Compiling tinyvec v1.11.0
   Compiling crossbeam-deque v0.8.6
   Compiling security-framework v3.7.0
   Compiling serde_with_macros v3.20.0
   Compiling rand v0.9.4
   Compiling futures v0.3.32
   Compiling crossbeam-channel v0.5.15
   Compiling time-core v0.1.8
   Compiling unicode-xid v0.2.6
   Compiling solana-version v2.3.13
   Compiling powerfmt v0.2.0
   Compiling num-conv v0.2.2
   Compiling solana-svm-feature-set v2.3.13
   Compiling minimal-lexical v0.2.1
   Compiling agave-feature-set v2.3.13
   Compiling time-macros v0.2.27
   Compiling nom v7.1.3
   Compiling deranged v0.5.8
   Compiling serde_with v3.20.0
   Compiling synstructure v0.12.6
   Compiling num-derive v0.4.2
   Compiling cfg_eval v0.1.2
   Compiling gethostname v0.2.3
   Compiling data-encoding v2.11.0
   Compiling time v0.3.47
   Compiling solana-packet v2.2.1
   Compiling rayon v1.12.0
   Compiling asn1-rs-derive v0.4.0
   Compiling rusticata-macros v4.1.0
   Compiling iana-time-zone v0.1.65
   Compiling spl-generic-token v1.0.1
   Compiling asn1-rs-impl v0.1.0
   Compiling num-bigint v0.2.6
   Compiling libm v0.2.16
   Compiling paste v1.0.15
   Compiling parking v2.2.1
   Compiling event-listener v5.4.1
   Compiling asn1-rs v0.5.2
   Compiling chrono v0.4.44
   Compiling solana-vote-interface v2.2.6
   Compiling solana-feature-gate-interface v2.2.2
   Compiling rustls-webpki v0.101.7
   Compiling ark-std v0.4.0
   Compiling solana-epoch-info v2.2.1
   Compiling solana-serde v2.2.1
   Compiling ark-serialize-derive v0.4.2
   Compiling nix v0.30.1
   Compiling num-rational v0.2.4
   Compiling num-complex v0.2.4
   Compiling rustls v0.21.12
   Compiling foldhash v0.1.5
   Compiling allocator-api2 v0.2.21
   Compiling oid-registry v0.6.1
   Compiling hashbrown v0.15.5
   Compiling ark-serialize v0.4.2
   Compiling rustls-webpki v0.103.13
   Compiling ark-ff-macros v0.4.2
   Compiling jsonrpc-core v18.0.0
   Compiling solana-quic-definitions v2.3.1
   Compiling itertools v0.10.5
   Compiling solana-nonce v2.2.1
   Compiling tokio-stream v0.1.18
   Compiling sct v0.7.1
   Compiling opentelemetry v0.32.0
   Compiling derivative v2.2.0
   Compiling ark-ff-asm v0.4.2
   Compiling dlopen2_derive v0.3.0
   Compiling quinn-udp v0.5.14
   Compiling num_cpus v1.17.0
   Compiling siphasher v1.0.3
   Compiling signal-hook v0.3.18
   Compiling unicode-width v0.2.2
   Compiling rustversion v1.0.22
   Compiling base64 v0.13.1
   Compiling solana-measure v2.3.13
   Compiling solana-perf v2.3.13
   Compiling crc-catalog v2.5.0
   Compiling ark-ff v0.4.2
   Compiling crc v3.4.0
   Compiling console v0.15.11
   Compiling fastbloom v0.14.1
   Compiling solana-rayon-threadlimit v2.3.13
   Compiling dlopen2 v0.5.0
   Compiling webpki-roots v0.26.11
   Compiling futures-intrusive v0.5.0
   Compiling unicode-normalization v0.1.25
   Compiling hashlink v0.10.0
   Compiling der-parser v8.2.0
   Compiling crossbeam-queue v0.3.12
   Compiling regex v1.12.3
   Compiling num-iter v0.1.45
   Compiling itertools v0.12.1
   Compiling quinn v0.11.9
   Compiling atty v0.2.14
   Compiling socket2 v0.5.10
   Compiling termcolor v1.4.1
   Compiling unicode-properties v0.1.4
   Compiling hashbrown v0.14.5
   Compiling lru-slab v0.1.2
   Compiling humantime v2.3.0
   Compiling unicode-bidi v0.3.18
   Compiling rustc-hash v2.1.2
   Compiling number_prefix v0.4.0
   Compiling stringprep v0.1.5
   Compiling dashmap v5.5.3
   Compiling indicatif v0.17.11
   Compiling sqlx-core v0.8.6
   Compiling env_logger v0.9.3
   Compiling solana-net-utils v2.3.13
   Compiling x509-parser v0.14.0
   Compiling num v0.2.1
   Compiling hkdf v0.12.4
   Compiling ark-poly v0.4.2
   Compiling zstd v0.13.3
   Compiling solana-client-traits v2.2.1
   Compiling solana-account-decoder-client-types v2.3.13
   Compiling webpki-roots v0.24.0
   Compiling itertools v0.14.0
   Compiling md-5 v0.10.6
   Compiling atoi v2.0.0
   Compiling http v0.2.12
   Compiling quanta v0.12.6
   Compiling solana-hard-forks v2.2.1
   Compiling num_enum_derive v0.7.6
   Compiling spinning_top v0.3.0
   Compiling sha1 v0.10.6
   Compiling solana-transaction-status-client-types v2.3.13
   Compiling utf-8 v0.7.6
   Compiling futures-timer v3.0.4
   Compiling whoami v1.6.1
   Compiling dotenvy v0.15.7
   Compiling nonzero_ext v0.3.0
   Compiling home v0.5.12
   Compiling no-std-compat v0.4.1
   Compiling hex v0.4.3
   Compiling event-listener v2.5.3
   Compiling governor v0.6.3
   Compiling sqlx-postgres v0.8.6
   Compiling solana-rpc-client-types v2.3.13
   Compiling async-channel v1.9.0
   Compiling num_enum v0.7.6
   Compiling tungstenite v0.20.1
   Compiling prost-derive v0.14.3
   Compiling solana-shred-version v2.2.1
   Compiling ark-ec v0.4.2
   Compiling solana-logger v2.3.1
   Compiling percentage v0.1.0
   Compiling tokio-rustls v0.24.1
   Compiling pem v1.1.1
   Compiling matchers v0.2.0
   Compiling solana-keccak-hasher v2.2.1
   Compiling solana-address-lookup-table-interface v2.2.2
   Compiling solana-program-pack v2.2.1
   Compiling tracing-log v0.2.0
   Compiling solana-poh-config v2.2.1
   Compiling sharded-slab v0.1.7
   Compiling memmap2 v0.5.10
   Compiling thread_local v1.1.9
   Compiling heck v0.5.0
   Compiling webpki-roots v0.25.4
   Compiling solana-program-option v2.2.1
   Compiling nu-ansi-term v0.50.3
   Compiling histogram v0.6.9
   Compiling solana-native-token v2.3.0
   Compiling tracing-subscriber v0.3.23
   Compiling tokio-tungstenite v0.20.1
   Compiling sqlx-macros-core v0.8.6
   Compiling solana-genesis-config v2.3.0
   Compiling solana-example-mocks v2.2.1
   Compiling ark-bn254 v0.4.0
   Compiling prost v0.14.3
   Compiling spl-discriminator-syn v0.2.1
   Compiling opentelemetry_sdk v0.32.1
   Compiling event-listener-strategy v0.5.4
   Compiling solana-secp256k1-recover v2.2.1
   Compiling solana-big-mod-exp v2.2.1
   Compiling solana-loader-v2-interface v2.2.1
   Compiling solana-loader-v4-interface v2.2.1
   Compiling solana-loader-v3-interface v5.0.0
   Compiling solana-blake3-hasher v2.2.1
   Compiling solana-stable-layout v2.2.1
   Compiling solana-borsh v2.2.1
   Compiling solana-define-syscall v2.3.0
   Compiling siphasher v0.3.11
   Compiling fixed v1.30.0
   Compiling loyal-hub-abi v0.1.0 (/private/tmp/loyal-yield-routing-ASK-1973-rust-crate-build-time-refactor/crates/loyal-hub-abi)
   Compiling solana-hash v4.4.0
   Compiling solana-sha256-hasher v3.1.0
   Compiling solana-program v2.3.0
   Compiling solana-epoch-rewards-hasher v2.2.1
   Compiling solana-bn254 v2.2.2
   Compiling opentelemetry-proto v0.32.0
   Compiling sqlx-macros v0.8.6
   Compiling async-lock v3.4.2
   Compiling spl-discriminator-derive v0.2.0
   Compiling solana-rent-collector v2.3.0
   Compiling solana-pubsub-client v2.3.13
   Compiling solana-fee-structure v2.3.0
   Compiling solana-offchain-message v2.2.1
   Compiling solana-nonce-account v2.2.1
   Compiling solana-system-transaction v2.2.1
   Compiling solana-rent-debits v2.2.1
   Compiling solana-reserved-account-keys v2.2.2
   Compiling solana-presigner v2.2.1
   Compiling solana-compute-budget-interface v2.2.2
   Compiling half v2.7.1
   Compiling solana-program-error v3.0.1
   Compiling az v1.3.0
   Compiling solana-validator-exit v2.2.1
   Compiling spl-discriminator v0.5.2
   Compiling tracing-opentelemetry v0.33.0
   Compiling opentelemetry-appender-tracing v0.32.0
   Compiling spl-token v8.0.0
   Compiling solana-sdk v2.3.1
   Compiling loyal-actions v0.1.0 (/private/tmp/loyal-yield-routing-ASK-1973-rust-crate-build-time-refactor/crates/loyal-actions)
   Compiling klend-interface v0.6.0 (https://github.com/Kamino-Finance/klend#23b9f2b5)
   Compiling tokio-rustls v0.26.4
   Compiling rustls-platform-verifier v0.6.2
   Compiling solana-tls-utils v2.3.13
   Compiling hyper-rustls v0.27.9
   Compiling reqwest v0.12.28
   Compiling quinn-proto v0.11.14
   Compiling reqwest v0.13.1
   Compiling solana-metrics v2.3.13
   Compiling reqwest-middleware v0.4.2
   Compiling solana-connection-cache v2.3.13
   Compiling opentelemetry-http v0.32.0
   Compiling solana-transaction-metrics-tracker v2.3.13
   Compiling solana-rpc-client-api v2.3.13
   Compiling solana-rpc-client v2.3.13
   Compiling opentelemetry-otlp v0.32.0
   Compiling loyal-observability v0.1.0 (/private/tmp/loyal-yield-routing-ASK-1973-rust-crate-build-time-refactor/crates/loyal-observability)
   Compiling solana-streamer v2.3.13
   Compiling solana-thin-client v2.3.13
   Compiling solana-rpc-client-nonce-utils v2.3.13
   Compiling sqlx v0.8.6
   Compiling solana-tpu-client v2.3.13
   Compiling solana-quic-client v2.3.13
   Compiling solana-udp-client v2.3.13
   Compiling solana-client v2.3.13
   Compiling loyal-yield-router v0.1.0 (/private/tmp/loyal-yield-routing-ASK-1973-rust-crate-build-time-refactor/crates/loyal-yield-router)
   Compiling loyal-yield-orchestrator v0.1.0 (/private/tmp/loyal-yield-routing-ASK-1973-rust-crate-build-time-refactor/crates/loyal-yield-orchestrator)
warning: field `swap_lanes` is never read
    --> crates/loyal-yield-orchestrator/src/bin/same-mint-reserve-swap.rs:1551:5
     |
1535 | struct SelectedVault {
     |        ------------- field in this struct
...
1551 |     swap_lanes: Value,
     |     ^^^^^^^^^^
     |
     = note: `SelectedVault` has derived impls for the traits `Debug` and `Clone`, but these are intentionally ignored during dead code analysis
     = note: `#[warn(dead_code)]` on by default

warning: function `load_kamino_reserve_summary` is never used
     --> crates/loyal-yield-orchestrator/src/bin/same-mint-reserve-swap.rs:18917:4
      |
18917 | fn load_kamino_reserve_summary(
      |    ^^^^^^^^^^^^^^^^^^^^^^^^^^^

warning: function `load_kamino_obligation_summary` is never used
     --> crates/loyal-yield-orchestrator/src/bin/same-mint-reserve-swap.rs:19065:4
      |
19065 | fn load_kamino_obligation_summary(
      |    ^^^^^^^^^^^^^^^^^^^^^^^^^^^^^^

warning: function `account_exists_with_owner` is never used
     --> crates/loyal-yield-orchestrator/src/bin/same-mint-reserve-swap.rs:19366:4
      |
19366 | fn account_exists_with_owner(
      |    ^^^^^^^^^^^^^^^^^^^^^^^^^

warning: `loyal-yield-orchestrator` (bin "same-mint-reserve-swap") generated 4 warnings
    Finished `release` profile [optimized] target(s) in 1m 55s
